---
http_interactions:
- request:
    method: post
    uri: https://api.login.yahoo.com/oauth2/get_token
    body:
      encoding: UTF-8
      string: refresh_token=AIli2mG5W3C.4FZdv77yDkxML2DaEgcSe7s6HlPgj7bbxLap4YNrk5TQ.rn2G.DB&client_id=dj0yJmk9UHIxVUJrbEsxRkdLJmQ9WVdrOVlrWm1iMFJzVVhNbWNHbzlNQT09JnM9Y29uc3VtZXJzZWNyZXQmc3Y9MCZ4PTA3&client_secret=a9398b94a0e476b87a6b1d1f15457bcbaf7b359b&grant_type=refresh_token
    headers:
      Accept:
      - "*/*"
      User-Agent:
      - rest-client/2.1.0 (linux x86_64) ruby/3.0.2p107
      Content-Type:
      - application/x-www-form-urlencoded
      Content-Length:
      - '265'
      Accept-Encoding:
      - gzip;q=1.0,deflate;q=0.6,identity;q=0.3
      Host:
      - api.login.yahoo.com
  response:
    status:
      code: 200
      message: OK
    headers:
      Date:
      - Fri, 28 Jan 2022 14:38:37 GMT
      Cache-Control:
      - must-revalidate
      - no-cache
      - no-store
      Pragma:
      - no-cache
      Expires:
      - '0'
      Content-Type:
      - application/json
      Content-Length:
      - '1206'
      Server:
      - ATS
      Age:
      - '0'
      Connection:
      - close
      Strict-Transport-Security:
      - max-age=15552000
      Expect-Ct:
      - max-age=31536000, report-uri="http://csp.yahoo.com/beacon/csp?src=yahoocom-expect-ct-report-only"
    body:
      encoding: UTF-8
      string: '{"access_token":"2hD0znybuBumYRJnOkbhod.TypSE_7g0MQx4.OcCUMiHBxAqqCZHzR_YA24aKGxtUlFmZTGD1u3tOIBDv2giPthrlTB_7W4egac900jwvhe8jBu1dFrOWRFMvMIhih_._PWkGgWwPv0bfmL0qJgvkEdPjGSdCOApqKe5R8tEa7HHSQ5Ri_WRsUFev_NOGxHslCcKIMpLDGHWPqdlWZoxGH4XIn_2yRMZO4DV7ylT85ptOpJUUEym3mmylgehcaClPXpDxzyGeS45MpTC9t9MGbJeIN9tRyL8i8Fl_wmF_yaBGR18GStwEfhVRgrDQvbTfx4KspsS46ctT16PdW2Qyp_SkoCEu2clss_6NFD01ra8c36uA9ybkij5VetqKkFGxn0H3YdWACjCl3zSO9hY.oP0vIKgz0eji6QZz_z6SYRrKn7GK3PrF3xGLTPMddP0MQm1yPTcfoXE4S7J8yH9iLITj0A6GlATMlYMzQ0KnCXfaj2aPkMqePccB3RCorNheh5AjIpSaaS5H7.3jAbk5UyrfoDaT0xtOnG1EvTAyqf4yzg.z8Nyso0K4Q7BOg4dNA8_6C5DbIbRh_eToEx.0Gq_uhe5.aXRc4zjtF2l6AVr1c8oV4nqfaavi7kbJtmcSyqDxAm__Z9Su2murzIfLuCQoFDFNIXhRye7dlbLNshxYDD__6294AGUGBkt4hwW_8Y5rMwLXcJq5inOsxu9sQ5Kl8s1Kq8wDor8.U2IrJ5G1nrHDQmniAoXqOlsdT9hxMeYZSIVV0wjUIHmKfWe8ZFyherROTv7o33_QLThu8sjjUdgW91BG474bCTmALLGt.KpheZgxX3zB9UnuHRfsLxcZ.Ve16CKF8ar6erId_Dtz1aXLtyt0pIYbQqh51AbAWOEXsMXNwO_Wfa4DGKXukVnYCh1J.8FrmDeXB1rjswn5nPlHsgwiJH9v7O_SS7PdwY1QDAdKsZfAc0o135qUvcs1nZlpFt6dMHtpraOtCCoKI.2s2xqf0NtETDLe1HrbI9kKO1XdCBi_NmUC.2wW09t5qDPqdTEhA24Z3A-","refresh_token":"AIli2mG5W3C.4FZdv77yDkxML2DaEgcSe7s6HlPgj7bbxLap4YNrk5TQ.rn2G.DB","expires_in":3600,"token_type":"bearer"}'
  recorded_at: Fri, 28 Jan 2022 14:38:36 GMT
- request:
    method: get
    uri: https://fantasysports.yahooapis.com/fantasy/v2/users;use_login=1/games;game_keys=nba/teams?format=json
    body:
      encoding: US-ASCII
      string: ''
    headers:
      Accept:
      - "*/*"
      User-Agent:
      - rest-client/2.1.0 (linux x86_64) ruby/3.0.2p107
      Content-Type:
      - application/json
      Authorization:
      - Bearer 2hD0znybuBumYRJnOkbhod.TypSE_7g0MQx4.OcCUMiHBxAqqCZHzR_YA24aKGxtUlFmZTGD1u3tOIBDv2giPthrlTB_7W4egac900jwvhe8jBu1dFrOWRFMvMIhih_._PWkGgWwPv0bfmL0qJgvkEdPjGSdCOApqKe5R8tEa7HHSQ5Ri_WRsUFev_NOGxHslCcKIMpLDGHWPqdlWZoxGH4XIn_2yRMZO4DV7ylT85ptOpJUUEym3mmylgehcaClPXpDxzyGeS45MpTC9t9MGbJeIN9tRyL8i8Fl_wmF_yaBGR18GStwEfhVRgrDQvbTfx4KspsS46ctT16PdW2Qyp_SkoCEu2clss_6NFD01ra8c36uA9ybkij5VetqKkFGxn0H3YdWACjCl3zSO9hY.oP0vIKgz0eji6QZz_z6SYRrKn7GK3PrF3xGLTPMddP0MQm1yPTcfoXE4S7J8yH9iLITj0A6GlATMlYMzQ0KnCXfaj2aPkMqePccB3RCorNheh5AjIpSaaS5H7.3jAbk5UyrfoDaT0xtOnG1EvTAyqf4yzg.z8Nyso0K4Q7BOg4dNA8_6C5DbIbRh_eToEx.0Gq_uhe5.aXRc4zjtF2l6AVr1c8oV4nqfaavi7kbJtmcSyqDxAm__Z9Su2murzIfLuCQoFDFNIXhRye7dlbLNshxYDD__6294AGUGBkt4hwW_8Y5rMwLXcJq5inOsxu9sQ5Kl8s1Kq8wDor8.U2IrJ5G1nrHDQmniAoXqOlsdT9hxMeYZSIVV0wjUIHmKfWe8ZFyherROTv7o33_QLThu8sjjUdgW91BG474bCTmALLGt.KpheZgxX3zB9UnuHRfsLxcZ.Ve16CKF8ar6erId_Dtz1aXLtyt0pIYbQqh51AbAWOEXsMXNwO_Wfa4DGKXukVnYCh1J.8FrmDeXB1rjswn5nPlHsgwiJH9v7O_SS7PdwY1QDAdKsZfAc0o135qUvcs1nZlpFt6dMHtpraOtCCoKI.2s2xqf0NtETDLe1HrbI9kKO1XdCBi_NmUC.2wW09t5qDPqdTEhA24Z3A-
      Accept-Encoding:
      - gzip;q=1.0,deflate;q=0.6,identity;q=0.3
      Host:
      - fantasysports.yahooapis.com
  response:
    status:
      code: 200
      message: OK
    headers:
      Date:
      - Fri, 28 Jan 2022 14:38:38 GMT
      P3p:
      - policyref="https://policies.yahoo.com/w3c/p3p.xml", CP="CAO DSP COR CUR ADM
        DEV TAI PSA PSD IVAi IVDi CONi TELo OTPi OUR DELi SAMi OTRi UNRi PUBi IND
        PHY ONL UNI PUR FIN COM NAV INT DEM CNT STA POL HEA PRE LOC GOV"
      X-Yahoo-Request-Id:
      - 6r7k0n9gv7vve
      X-Yahoo-Host:
      - fantasy-sports-api--public-production-bf1-7bd55d6b46-4w7dl
      X-Frame-Options:
      - SAMEORIGIN
      Vary:
      - Origin,Accept-Encoding
      Set-Cookie:
      - SPTB=d=gmwOqYZLY3DImFjtFv2k2b.FOq7x8doT1bwfB2kt0.eWum.W4W0jmYPKERPUA7R40KPj.VoNdTLoTB1taREl8vwwNg46DW2gmf9vCrcB_BY-&v=1;
        expires=Sun, 27-Feb-2022 14:38:38 GMT; Max-Age=2592000; path=/; domain=fantasysports.yahooapis.com
      Cache-Control:
      - private,max-age=0,stale-while-revalidate=0,stale-if-error=0
      Content-Length:
      - '1150'
      Content-Type:
      - application/json; charset=utf-8
      X-Envoy-Upstream-Service-Time:
      - '106'
      Server:
      - ATS
      Age:
      - '1'
      Strict-Transport-Security:
      - max-age=15552000
      Referrer-Policy:
      - strict-origin-when-cross-origin
      Connection:
      - keep-alive
      Expect-Ct:
      - max-age=31536000, report-uri="http://csp.yahoo.com/beacon/csp?src=yahoocom-expect-ct-report-only"
      X-Xss-Protection:
      - 1; mode=block
      X-Content-Type-Options:
      - nosniff
    body:
      encoding: ASCII-8BIT
      bin_key: xigam-nevyp-vuhop-konop-teruv-sovip-dokuk-coboc-vagon-pabet-halak-symac-guter-lyvef-dimyv-daliz-texix
  recorded_at: Fri, 28 Jan 2022 14:38:37 GMT
- request:
    method: get
    uri: https://fantasysports.yahooapis.com/fantasy/v2/league/410.l.223791/settings?format=json
    body:
      encoding: US-ASCII
      string: ''
    headers:
      Accept:
      - "*/*"
      User-Agent:
      - rest-client/2.1.0 (linux x86_64) ruby/3.0.2p107
      Content-Type:
      - application/json
      Authorization:
      - Bearer 2hD0znybuBumYRJnOkbhod.TypSE_7g0MQx4.OcCUMiHBxAqqCZHzR_YA24aKGxtUlFmZTGD1u3tOIBDv2giPthrlTB_7W4egac900jwvhe8jBu1dFrOWRFMvMIhih_._PWkGgWwPv0bfmL0qJgvkEdPjGSdCOApqKe5R8tEa7HHSQ5Ri_WRsUFev_NOGxHslCcKIMpLDGHWPqdlWZoxGH4XIn_2yRMZO4DV7ylT85ptOpJUUEym3mmylgehcaClPXpDxzyGeS45MpTC9t9MGbJeIN9tRyL8i8Fl_wmF_yaBGR18GStwEfhVRgrDQvbTfx4KspsS46ctT16PdW2Qyp_SkoCEu2clss_6NFD01ra8c36uA9ybkij5VetqKkFGxn0H3YdWACjCl3zSO9hY.oP0vIKgz0eji6QZz_z6SYRrKn7GK3PrF3xGLTPMddP0MQm1yPTcfoXE4S7J8yH9iLITj0A6GlATMlYMzQ0KnCXfaj2aPkMqePccB3RCorNheh5AjIpSaaS5H7.3jAbk5UyrfoDaT0xtOnG1EvTAyqf4yzg.z8Nyso0K4Q7BOg4dNA8_6C5DbIbRh_eToEx.0Gq_uhe5.aXRc4zjtF2l6AVr1c8oV4nqfaavi7kbJtmcSyqDxAm__Z9Su2murzIfLuCQoFDFNIXhRye7dlbLNshxYDD__6294AGUGBkt4hwW_8Y5rMwLXcJq5inOsxu9sQ5Kl8s1Kq8wDor8.U2IrJ5G1nrHDQmniAoXqOlsdT9hxMeYZSIVV0wjUIHmKfWe8ZFyherROTv7o33_QLThu8sjjUdgW91BG474bCTmALLGt.KpheZgxX3zB9UnuHRfsLxcZ.Ve16CKF8ar6erId_Dtz1aXLtyt0pIYbQqh51AbAWOEXsMXNwO_Wfa4DGKXukVnYCh1J.8FrmDeXB1rjswn5nPlHsgwiJH9v7O_SS7PdwY1QDAdKsZfAc0o135qUvcs1nZlpFt6dMHtpraOtCCoKI.2s2xqf0NtETDLe1HrbI9kKO1XdCBi_NmUC.2wW09t5qDPqdTEhA24Z3A-
      Accept-Encoding:
      - gzip;q=1.0,deflate;q=0.6,identity;q=0.3
      Host:
      - fantasysports.yahooapis.com
  response:
    status:
      code: 200
      message: OK
    headers:
      Date:
      - Fri, 28 Jan 2022 14:38:39 GMT
      P3p:
      - policyref="https://policies.yahoo.com/w3c/p3p.xml", CP="CAO DSP COR CUR ADM
        DEV TAI PSA PSD IVAi IVDi CONi TELo OTPi OUR DELi SAMi OTRi UNRi PUBi IND
        PHY ONL UNI PUR FIN COM NAV INT DEM CNT STA POL HEA PRE LOC GOV"
      X-Yahoo-Request-Id:
      - fmsfd6hgv7vvf
      X-Yahoo-Host:
      - fantasy-sports-api--public-production-bf1-7bd55d6b46-ktts6
      X-Frame-Options:
      - SAMEORIGIN
      Vary:
      - Origin,Accept-Encoding
      Set-Cookie:
      - SPTB=d=dbYLixpKY3DJ8Nd84.RVyZ09zgxlq5omYR2ME.xtTyOjYsi51kikoZv6_T.FNWizWiwuM6JyEPD6iKngFkwzac1U4mcfOl8jiRw9wvl2Flc-&v=1;
        expires=Sun, 27-Feb-2022 14:38:39 GMT; Max-Age=2592000; path=/; domain=fantasysports.yahooapis.com
      Cache-Control:
      - private,max-age=0,stale-while-revalidate=0,stale-if-error=0
      Content-Length:
      - '1626'
      Content-Type:
      - application/json; charset=utf-8
      X-Envoy-Upstream-Service-Time:
      - '27'
      Server:
      - ATS
      Age:
      - '1'
      Strict-Transport-Security:
      - max-age=15552000
      Referrer-Policy:
      - strict-origin-when-cross-origin
      Connection:
      - keep-alive
      Expect-Ct:
      - max-age=31536000, report-uri="http://csp.yahoo.com/beacon/csp?src=yahoocom-expect-ct-report-only"
      X-Xss-Protection:
      - 1; mode=block
      X-Content-Type-Options:
      - nosniff
    body:
      encoding: ASCII-8BIT
      bin_key: xekof-vufec-cidoz-zuluf-tygis-lisyr-kyfip-kakuc-cevom-gegek-tetum-sypil-rivyd-kemav-dytip-pylyz-laxox
  recorded_at: Fri, 28 Jan 2022 14:38:38 GMT
- request:
    method: get
    uri: https://fantasysports.yahooapis.com/fantasy/v2/league/410.l.224111/settings?format=json
    body:
      encoding: US-ASCII
      string: ''
    headers:
      Accept:
      - "*/*"
      User-Agent:
      - rest-client/2.1.0 (linux x86_64) ruby/3.0.2p107
      Content-Type:
      - application/json
      Authorization:
      - Bearer 2hD0znybuBumYRJnOkbhod.TypSE_7g0MQx4.OcCUMiHBxAqqCZHzR_YA24aKGxtUlFmZTGD1u3tOIBDv2giPthrlTB_7W4egac900jwvhe8jBu1dFrOWRFMvMIhih_._PWkGgWwPv0bfmL0qJgvkEdPjGSdCOApqKe5R8tEa7HHSQ5Ri_WRsUFev_NOGxHslCcKIMpLDGHWPqdlWZoxGH4XIn_2yRMZO4DV7ylT85ptOpJUUEym3mmylgehcaClPXpDxzyGeS45MpTC9t9MGbJeIN9tRyL8i8Fl_wmF_yaBGR18GStwEfhVRgrDQvbTfx4KspsS46ctT16PdW2Qyp_SkoCEu2clss_6NFD01ra8c36uA9ybkij5VetqKkFGxn0H3YdWACjCl3zSO9hY.oP0vIKgz0eji6QZz_z6SYRrKn7GK3PrF3xGLTPMddP0MQm1yPTcfoXE4S7J8yH9iLITj0A6GlATMlYMzQ0KnCXfaj2aPkMqePccB3RCorNheh5AjIpSaaS5H7.3jAbk5UyrfoDaT0xtOnG1EvTAyqf4yzg.z8Nyso0K4Q7BOg4dNA8_6C5DbIbRh_eToEx.0Gq_uhe5.aXRc4zjtF2l6AVr1c8oV4nqfaavi7kbJtmcSyqDxAm__Z9Su2murzIfLuCQoFDFNIXhRye7dlbLNshxYDD__6294AGUGBkt4hwW_8Y5rMwLXcJq5inOsxu9sQ5Kl8s1Kq8wDor8.U2IrJ5G1nrHDQmniAoXqOlsdT9hxMeYZSIVV0wjUIHmKfWe8ZFyherROTv7o33_QLThu8sjjUdgW91BG474bCTmALLGt.KpheZgxX3zB9UnuHRfsLxcZ.Ve16CKF8ar6erId_Dtz1aXLtyt0pIYbQqh51AbAWOEXsMXNwO_Wfa4DGKXukVnYCh1J.8FrmDeXB1rjswn5nPlHsgwiJH9v7O_SS7PdwY1QDAdKsZfAc0o135qUvcs1nZlpFt6dMHtpraOtCCoKI.2s2xqf0NtETDLe1HrbI9kKO1XdCBi_NmUC.2wW09t5qDPqdTEhA24Z3A-
      Accept-Encoding:
      - gzip;q=1.0,deflate;q=0.6,identity;q=0.3
      Host:
      - fantasysports.yahooapis.com
  response:
    status:
      code: 200
      message: OK
    headers:
      Date:
      - Fri, 28 Jan 2022 14:38:41 GMT
      P3p:
      - policyref="https://policies.yahoo.com/w3c/p3p.xml", CP="CAO DSP COR CUR ADM
        DEV TAI PSA PSD IVAi IVDi CONi TELo OTPi OUR DELi SAMi OTRi UNRi PUBi IND
        PHY ONL UNI PUR FIN COM NAV INT DEM CNT STA POL HEA PRE LOC GOV"
      X-Yahoo-Request-Id:
      - f3i8id9gv7vvh
      X-Yahoo-Host:
      - fantasy-sports-api--public-production-bf1-7bd55d6b46-zjjq4
      X-Frame-Options:
      - SAMEORIGIN
      Vary:
      - Origin,Accept-Encoding
      Set-Cookie:
      - SPTB=d=qFEyx5RUY3AnUE39lYGlQDYHy7l3VR4Abpws_Sro00LcpiP1nb7kUlIKprrI.lMzrbSAjXO5y13wAecpWkaog9sRAJG0qfUaRgBsBJ1u.H0-&v=1;
        expires=Sun, 27-Feb-2022 14:38:41 GMT; Max-Age=2592000; path=/; domain=fantasysports.yahooapis.com
      Cache-Control:
      - private,max-age=0,stale-while-revalidate=0,stale-if-error=0
      Content-Length:
      - '1627'
      Content-Type:
      - application/json; charset=utf-8
      X-Envoy-Upstream-Service-Time:
      - '29'
      Server:
      - ATS
      Age:
      - '1'
      Strict-Transport-Security:
      - max-age=15552000
      Referrer-Policy:
      - strict-origin-when-cross-origin
      Connection:
      - keep-alive
      Expect-Ct:
      - max-age=31536000, report-uri="http://csp.yahoo.com/beacon/csp?src=yahoocom-expect-ct-report-only"
      X-Xss-Protection:
      - 1; mode=block
      X-Content-Type-Options:
      - nosniff
    body:
      encoding: ASCII-8BIT
      bin_key: xezap-zevez-lumoc-halak-tydel-zovyb-saved-modek-hucug-tyzah-kenah-zykab-tasem-calal-dedyk-vaded-roxix
  recorded_at: Fri, 28 Jan 2022 14:38:40 GMT
- request:
    method: get
    uri: https://fantasysports.yahooapis.com/fantasy/v2/league/410.l.223791/teams?format=json
    body:
      encoding: US-ASCII
      string: ''
    headers:
      Accept:
      - "*/*"
      User-Agent:
      - rest-client/2.1.0 (linux x86_64) ruby/3.0.2p107
      Content-Type:
      - application/json
      Authorization:
      - Bearer 2hD0znybuBumYRJnOkbhod.TypSE_7g0MQx4.OcCUMiHBxAqqCZHzR_YA24aKGxtUlFmZTGD1u3tOIBDv2giPthrlTB_7W4egac900jwvhe8jBu1dFrOWRFMvMIhih_._PWkGgWwPv0bfmL0qJgvkEdPjGSdCOApqKe5R8tEa7HHSQ5Ri_WRsUFev_NOGxHslCcKIMpLDGHWPqdlWZoxGH4XIn_2yRMZO4DV7ylT85ptOpJUUEym3mmylgehcaClPXpDxzyGeS45MpTC9t9MGbJeIN9tRyL8i8Fl_wmF_yaBGR18GStwEfhVRgrDQvbTfx4KspsS46ctT16PdW2Qyp_SkoCEu2clss_6NFD01ra8c36uA9ybkij5VetqKkFGxn0H3YdWACjCl3zSO9hY.oP0vIKgz0eji6QZz_z6SYRrKn7GK3PrF3xGLTPMddP0MQm1yPTcfoXE4S7J8yH9iLITj0A6GlATMlYMzQ0KnCXfaj2aPkMqePccB3RCorNheh5AjIpSaaS5H7.3jAbk5UyrfoDaT0xtOnG1EvTAyqf4yzg.z8Nyso0K4Q7BOg4dNA8_6C5DbIbRh_eToEx.0Gq_uhe5.aXRc4zjtF2l6AVr1c8oV4nqfaavi7kbJtmcSyqDxAm__Z9Su2murzIfLuCQoFDFNIXhRye7dlbLNshxYDD__6294AGUGBkt4hwW_8Y5rMwLXcJq5inOsxu9sQ5Kl8s1Kq8wDor8.U2IrJ5G1nrHDQmniAoXqOlsdT9hxMeYZSIVV0wjUIHmKfWe8ZFyherROTv7o33_QLThu8sjjUdgW91BG474bCTmALLGt.KpheZgxX3zB9UnuHRfsLxcZ.Ve16CKF8ar6erId_Dtz1aXLtyt0pIYbQqh51AbAWOEXsMXNwO_Wfa4DGKXukVnYCh1J.8FrmDeXB1rjswn5nPlHsgwiJH9v7O_SS7PdwY1QDAdKsZfAc0o135qUvcs1nZlpFt6dMHtpraOtCCoKI.2s2xqf0NtETDLe1HrbI9kKO1XdCBi_NmUC.2wW09t5qDPqdTEhA24Z3A-
      Accept-Encoding:
      - gzip;q=1.0,deflate;q=0.6,identity;q=0.3
      Host:
      - fantasysports.yahooapis.com
  response:
    status:
      code: 200
      message: OK
    headers:
      Date:
      - Fri, 28 Jan 2022 14:38:42 GMT
      P3p:
      - policyref="https://policies.yahoo.com/w3c/p3p.xml", CP="CAO DSP COR CUR ADM
        DEV TAI PSA PSD IVAi IVDi CONi TELo OTPi OUR DELi SAMi OTRi UNRi PUBi IND
        PHY ONL UNI PUR FIN COM NAV INT DEM CNT STA POL HEA PRE LOC GOV"
      X-Yahoo-Request-Id:
      - 0sij67lgv7vvi
      X-Yahoo-Host:
      - fantasy-sports-api--public-production-bf1-7bd55d6b46-vkwts
      X-Frame-Options:
      - SAMEORIGIN
      Vary:
      - Origin,Accept-Encoding
      Set-Cookie:
      - SPTB=d=Nl.z2DpXY3DqLys1PRtcUFSyAcqkmR_iab9Y16psHY3sa.8Kta_AVM3sMk5aANpV5BA6UbJBwAJzsQbpjcvhRoU_1KenrL4EDk8KsnVP6vg-&v=1;
        expires=Sun, 27-Feb-2022 14:38:42 GMT; Max-Age=2592000; path=/; domain=fantasysports.yahooapis.com
      Cache-Control:
      - private,max-age=0,stale-while-revalidate=0,stale-if-error=0
      Content-Length:
      - '2657'
      Content-Type:
      - application/json; charset=utf-8
      X-Envoy-Upstream-Service-Time:
      - '175'
      Server:
      - ATS
      Age:
      - '1'
      Strict-Transport-Security:
      - max-age=15552000
      Referrer-Policy:
      - strict-origin-when-cross-origin
      Connection:
      - keep-alive
      Expect-Ct:
      - max-age=31536000, report-uri="http://csp.yahoo.com/beacon/csp?src=yahoocom-expect-ct-report-only"
      X-Xss-Protection:
      - 1; mode=block
      X-Content-Type-Options:
      - nosniff
    body:
      encoding: ASCII-8BIT
      bin_key: xozid-nyfip-putep-rylic-fivur-cubop-hifel-hypyv-zenuc-luhap-dapuf-dulev-rozop-cycuk-sebyl-zipop-foxyx
  recorded_at: Fri, 28 Jan 2022 14:38:41 GMT
- request:
    method: get
    uri: https://fantasysports.yahooapis.com/fantasy/v2/team/410.l.223791.t.6/roster?format=json
    body:
      encoding: US-ASCII
      string: ''
    headers:
      Accept:
      - "*/*"
      User-Agent:
      - rest-client/2.1.0 (linux x86_64) ruby/3.0.2p107
      Content-Type:
      - application/json
      Authorization:
      - Bearer 2hD0znybuBumYRJnOkbhod.TypSE_7g0MQx4.OcCUMiHBxAqqCZHzR_YA24aKGxtUlFmZTGD1u3tOIBDv2giPthrlTB_7W4egac900jwvhe8jBu1dFrOWRFMvMIhih_._PWkGgWwPv0bfmL0qJgvkEdPjGSdCOApqKe5R8tEa7HHSQ5Ri_WRsUFev_NOGxHslCcKIMpLDGHWPqdlWZoxGH4XIn_2yRMZO4DV7ylT85ptOpJUUEym3mmylgehcaClPXpDxzyGeS45MpTC9t9MGbJeIN9tRyL8i8Fl_wmF_yaBGR18GStwEfhVRgrDQvbTfx4KspsS46ctT16PdW2Qyp_SkoCEu2clss_6NFD01ra8c36uA9ybkij5VetqKkFGxn0H3YdWACjCl3zSO9hY.oP0vIKgz0eji6QZz_z6SYRrKn7GK3PrF3xGLTPMddP0MQm1yPTcfoXE4S7J8yH9iLITj0A6GlATMlYMzQ0KnCXfaj2aPkMqePccB3RCorNheh5AjIpSaaS5H7.3jAbk5UyrfoDaT0xtOnG1EvTAyqf4yzg.z8Nyso0K4Q7BOg4dNA8_6C5DbIbRh_eToEx.0Gq_uhe5.aXRc4zjtF2l6AVr1c8oV4nqfaavi7kbJtmcSyqDxAm__Z9Su2murzIfLuCQoFDFNIXhRye7dlbLNshxYDD__6294AGUGBkt4hwW_8Y5rMwLXcJq5inOsxu9sQ5Kl8s1Kq8wDor8.U2IrJ5G1nrHDQmniAoXqOlsdT9hxMeYZSIVV0wjUIHmKfWe8ZFyherROTv7o33_QLThu8sjjUdgW91BG474bCTmALLGt.KpheZgxX3zB9UnuHRfsLxcZ.Ve16CKF8ar6erId_Dtz1aXLtyt0pIYbQqh51AbAWOEXsMXNwO_Wfa4DGKXukVnYCh1J.8FrmDeXB1rjswn5nPlHsgwiJH9v7O_SS7PdwY1QDAdKsZfAc0o135qUvcs1nZlpFt6dMHtpraOtCCoKI.2s2xqf0NtETDLe1HrbI9kKO1XdCBi_NmUC.2wW09t5qDPqdTEhA24Z3A-
      Accept-Encoding:
      - gzip;q=1.0,deflate;q=0.6,identity;q=0.3
      Host:
      - fantasysports.yahooapis.com
  response:
    status:
      code: 200
      message: OK
    headers:
      Date:
      - Fri, 28 Jan 2022 14:38:43 GMT
      P3p:
      - policyref="https://policies.yahoo.com/w3c/p3p.xml", CP="CAO DSP COR CUR ADM
        DEV TAI PSA PSD IVAi IVDi CONi TELo OTPi OUR DELi SAMi OTRi UNRi PUBi IND
        PHY ONL UNI PUR FIN COM NAV INT DEM CNT STA POL HEA PRE LOC GOV"
      X-Yahoo-Request-Id:
      - 0l2pdgdgv7vvj
      X-Yahoo-Host:
      - fantasy-sports-api--public-production-bf1-7bd55d6b46-gwbkg
      X-Frame-Options:
      - SAMEORIGIN
      Vary:
      - Origin,Accept-Encoding
      Set-Cookie:
      - SPTB=d=dAsJM6VWY3Dpyc5V8NLLIKlirLiawuAisnrDRW1hFraI.LlsZMigFaC1iW6jv.i5mUYDE.Yoxpe22nfZUrigzngroiGK7.F5Xb76qn7yzsY-&v=1;
        expires=Sun, 27-Feb-2022 14:38:43 GMT; Max-Age=2592000; path=/; domain=fantasysports.yahooapis.com
      Cache-Control:
      - private,max-age=0,stale-while-revalidate=0,stale-if-error=0
      Content-Length:
      - '3643'
      Content-Type:
      - application/json; charset=utf-8
      X-Envoy-Upstream-Service-Time:
      - '66'
      Server:
      - ATS
      Age:
      - '1'
      Strict-Transport-Security:
      - max-age=15552000
      Referrer-Policy:
      - strict-origin-when-cross-origin
      Connection:
      - keep-alive
      Expect-Ct:
      - max-age=31536000, report-uri="http://csp.yahoo.com/beacon/csp?src=yahoocom-expect-ct-report-only"
      X-Xss-Protection:
      - 1; mode=block
      X-Content-Type-Options:
      - nosniff
    body:
      encoding: ASCII-8BIT
      bin_key: xipav-fetal-vegym-vevuk-zesym-muman-rovef-zylan-vepom-zimir-gecen-nasub-vyden-tabeh-hotip-durel-dixix
  recorded_at: Fri, 28 Jan 2022 14:38:42 GMT
- request:
    method: get
    uri: https://fantasysports.yahooapis.com/fantasy/v2/players;player_keys=410.p.6016,410.p.5842,410.p.4840,410.p.5601,410.p.5294,410.p.5073,410.p.5835,410.p.4245,410.p.4913,410.p.5192,410.p.4906,410.p.5015,410.p.5295/stats?format=json
    body:
      encoding: US-ASCII
      string: ''
    headers:
      Accept:
      - "*/*"
      User-Agent:
      - rest-client/2.1.0 (linux x86_64) ruby/3.0.2p107
      Content-Type:
      - application/json
      Authorization:
      - Bearer 2hD0znybuBumYRJnOkbhod.TypSE_7g0MQx4.OcCUMiHBxAqqCZHzR_YA24aKGxtUlFmZTGD1u3tOIBDv2giPthrlTB_7W4egac900jwvhe8jBu1dFrOWRFMvMIhih_._PWkGgWwPv0bfmL0qJgvkEdPjGSdCOApqKe5R8tEa7HHSQ5Ri_WRsUFev_NOGxHslCcKIMpLDGHWPqdlWZoxGH4XIn_2yRMZO4DV7ylT85ptOpJUUEym3mmylgehcaClPXpDxzyGeS45MpTC9t9MGbJeIN9tRyL8i8Fl_wmF_yaBGR18GStwEfhVRgrDQvbTfx4KspsS46ctT16PdW2Qyp_SkoCEu2clss_6NFD01ra8c36uA9ybkij5VetqKkFGxn0H3YdWACjCl3zSO9hY.oP0vIKgz0eji6QZz_z6SYRrKn7GK3PrF3xGLTPMddP0MQm1yPTcfoXE4S7J8yH9iLITj0A6GlATMlYMzQ0KnCXfaj2aPkMqePccB3RCorNheh5AjIpSaaS5H7.3jAbk5UyrfoDaT0xtOnG1EvTAyqf4yzg.z8Nyso0K4Q7BOg4dNA8_6C5DbIbRh_eToEx.0Gq_uhe5.aXRc4zjtF2l6AVr1c8oV4nqfaavi7kbJtmcSyqDxAm__Z9Su2murzIfLuCQoFDFNIXhRye7dlbLNshxYDD__6294AGUGBkt4hwW_8Y5rMwLXcJq5inOsxu9sQ5Kl8s1Kq8wDor8.U2IrJ5G1nrHDQmniAoXqOlsdT9hxMeYZSIVV0wjUIHmKfWe8ZFyherROTv7o33_QLThu8sjjUdgW91BG474bCTmALLGt.KpheZgxX3zB9UnuHRfsLxcZ.Ve16CKF8ar6erId_Dtz1aXLtyt0pIYbQqh51AbAWOEXsMXNwO_Wfa4DGKXukVnYCh1J.8FrmDeXB1rjswn5nPlHsgwiJH9v7O_SS7PdwY1QDAdKsZfAc0o135qUvcs1nZlpFt6dMHtpraOtCCoKI.2s2xqf0NtETDLe1HrbI9kKO1XdCBi_NmUC.2wW09t5qDPqdTEhA24Z3A-
      Accept-Encoding:
      - gzip;q=1.0,deflate;q=0.6,identity;q=0.3
      Host:
      - fantasysports.yahooapis.com
  response:
    status:
      code: 200
      message: OK
    headers:
      Date:
      - Fri, 28 Jan 2022 14:38:44 GMT
      P3p:
      - policyref="https://policies.yahoo.com/w3c/p3p.xml", CP="CAO DSP COR CUR ADM
        DEV TAI PSA PSD IVAi IVDi CONi TELo OTPi OUR DELi SAMi OTRi UNRi PUBi IND
        PHY ONL UNI PUR FIN COM NAV INT DEM CNT STA POL HEA PRE LOC GOV"
      X-Yahoo-Request-Id:
      - fasg1f9gv7vvk
      X-Yahoo-Host:
      - fantasy-sports-api--pub-canary-production-bf1-687d8d99cd-ffts9
      X-Frame-Options:
      - SAMEORIGIN
      Vary:
      - Origin,Accept-Encoding
      Set-Cookie:
      - SPTB=d=jTOJFuRRY3DR7F14R.igf6bQ2lNb4wLxnj.i0o16l5H7qmEPoI7gqTncHn8ZAgch3mjDoBCwnM6fOfIR0OsG_FEijXMTYcA7WEHlW_cVBO0-&v=1;
        expires=Sun, 27-Feb-2022 14:38:44 GMT; Max-Age=2592000; path=/; domain=fantasysports.yahooapis.com
      Cache-Control:
      - private,max-age=0,stale-while-revalidate=0,stale-if-error=0
      Content-Length:
      - '6648'
      Content-Type:
      - application/json; charset=utf-8
      X-Envoy-Upstream-Service-Time:
      - '30'
      Server:
      - ATS
      Age:
      - '1'
      Strict-Transport-Security:
      - max-age=15552000
      Referrer-Policy:
      - strict-origin-when-cross-origin
      Connection:
      - keep-alive
      Expect-Ct:
      - max-age=31536000, report-uri="http://csp.yahoo.com/beacon/csp?src=yahoocom-expect-ct-report-only"
      X-Xss-Protection:
      - 1; mode=block
      X-Content-Type-Options:
      - nosniff
    body:
      encoding: ASCII-8BIT
      bin_key: xuhop-masaz-lipac-hirit-lazuf-movep-mokep-cynev-gudyh-nanek-tygiz-zycoc-busol-viror-zymoz-bavag-tuxux
  recorded_at: Fri, 28 Jan 2022 14:38:43 GMT
- request:
    method: get
    uri: https://fantasysports.yahooapis.com/fantasy/v2/league/410.l.223791/players;player_keys=410.p.6016,410.p.5842,410.p.4840,410.p.5601,410.p.5294,410.p.5073,410.p.5835,410.p.4245,410.p.4913,410.p.5192,410.p.4906,410.p.5015,410.p.5295/stats?format=json
    body:
      encoding: US-ASCII
      string: ''
    headers:
      Accept:
      - "*/*"
      User-Agent:
      - rest-client/2.1.0 (linux x86_64) ruby/3.0.2p107
      Content-Type:
      - application/json
      Authorization:
      - Bearer 2hD0znybuBumYRJnOkbhod.TypSE_7g0MQx4.OcCUMiHBxAqqCZHzR_YA24aKGxtUlFmZTGD1u3tOIBDv2giPthrlTB_7W4egac900jwvhe8jBu1dFrOWRFMvMIhih_._PWkGgWwPv0bfmL0qJgvkEdPjGSdCOApqKe5R8tEa7HHSQ5Ri_WRsUFev_NOGxHslCcKIMpLDGHWPqdlWZoxGH4XIn_2yRMZO4DV7ylT85ptOpJUUEym3mmylgehcaClPXpDxzyGeS45MpTC9t9MGbJeIN9tRyL8i8Fl_wmF_yaBGR18GStwEfhVRgrDQvbTfx4KspsS46ctT16PdW2Qyp_SkoCEu2clss_6NFD01ra8c36uA9ybkij5VetqKkFGxn0H3YdWACjCl3zSO9hY.oP0vIKgz0eji6QZz_z6SYRrKn7GK3PrF3xGLTPMddP0MQm1yPTcfoXE4S7J8yH9iLITj0A6GlATMlYMzQ0KnCXfaj2aPkMqePccB3RCorNheh5AjIpSaaS5H7.3jAbk5UyrfoDaT0xtOnG1EvTAyqf4yzg.z8Nyso0K4Q7BOg4dNA8_6C5DbIbRh_eToEx.0Gq_uhe5.aXRc4zjtF2l6AVr1c8oV4nqfaavi7kbJtmcSyqDxAm__Z9Su2murzIfLuCQoFDFNIXhRye7dlbLNshxYDD__6294AGUGBkt4hwW_8Y5rMwLXcJq5inOsxu9sQ5Kl8s1Kq8wDor8.U2IrJ5G1nrHDQmniAoXqOlsdT9hxMeYZSIVV0wjUIHmKfWe8ZFyherROTv7o33_QLThu8sjjUdgW91BG474bCTmALLGt.KpheZgxX3zB9UnuHRfsLxcZ.Ve16CKF8ar6erId_Dtz1aXLtyt0pIYbQqh51AbAWOEXsMXNwO_Wfa4DGKXukVnYCh1J.8FrmDeXB1rjswn5nPlHsgwiJH9v7O_SS7PdwY1QDAdKsZfAc0o135qUvcs1nZlpFt6dMHtpraOtCCoKI.2s2xqf0NtETDLe1HrbI9kKO1XdCBi_NmUC.2wW09t5qDPqdTEhA24Z3A-
      Accept-Encoding:
      - gzip;q=1.0,deflate;q=0.6,identity;q=0.3
      Host:
      - fantasysports.yahooapis.com
  response:
    status:
      code: 200
      message: OK
    headers:
      Date:
      - Fri, 28 Jan 2022 14:38:45 GMT
      P3p:
      - policyref="https://policies.yahoo.com/w3c/p3p.xml", CP="CAO DSP COR CUR ADM
        DEV TAI PSA PSD IVAi IVDi CONi TELo OTPi OUR DELi SAMi OTRi UNRi PUBi IND
        PHY ONL UNI PUR FIN COM NAV INT DEM CNT STA POL HEA PRE LOC GOV"
      X-Yahoo-Request-Id:
      - 18toe1lgv7vvl
      X-Yahoo-Host:
      - fantasy-sports-api--public-production-bf1-7bd55d6b46-4dljg
      X-Frame-Options:
      - SAMEORIGIN
      Vary:
      - Origin,Accept-Encoding
      Set-Cookie:
      - SPTB=d=8v1z0IdQY3BY3G876KkpJiFRRwCZ49kH9V26aCgR4ZjYDcZTscxoK09uiEpYA4ffAxntWk4auY1PBNsLiTIQX_AApElupPLhzoVzvKj9K8Y-&v=1;
        expires=Sun, 27-Feb-2022 14:38:45 GMT; Max-Age=2592000; path=/; domain=fantasysports.yahooapis.com
      Cache-Control:
      - private,max-age=0,stale-while-revalidate=0,stale-if-error=0
      Content-Length:
      - '6347'
      Content-Type:
      - application/json; charset=utf-8
      X-Envoy-Upstream-Service-Time:
      - '48'
      Server:
      - ATS
      Age:
      - '1'
      Strict-Transport-Security:
      - max-age=15552000
      Referrer-Policy:
      - strict-origin-when-cross-origin
      Connection:
      - keep-alive
      Expect-Ct:
      - max-age=31536000, report-uri="http://csp.yahoo.com/beacon/csp?src=yahoocom-expect-ct-report-only"
      X-Xss-Protection:
      - 1; mode=block
      X-Content-Type-Options:
      - nosniff
    body:
      encoding: ASCII-8BIT
      bin_key: xener-dydeg-mugid-notot-mybir-bufoh-nymup-rabyg-zelyg-pizez-zulug-mihyf-nycyp-tycup-byrem-cubog-zixex
  recorded_at: Fri, 28 Jan 2022 14:38:44 GMT
- request:
    method: get
    uri: https://fantasysports.yahooapis.com/fantasy/v2/team/410.l.223791.t.1/roster?format=json
    body:
      encoding: US-ASCII
      string: ''
    headers:
      Accept:
      - "*/*"
      User-Agent:
      - rest-client/2.1.0 (linux x86_64) ruby/3.0.2p107
      Content-Type:
      - application/json
      Authorization:
      - Bearer 2hD0znybuBumYRJnOkbhod.TypSE_7g0MQx4.OcCUMiHBxAqqCZHzR_YA24aKGxtUlFmZTGD1u3tOIBDv2giPthrlTB_7W4egac900jwvhe8jBu1dFrOWRFMvMIhih_._PWkGgWwPv0bfmL0qJgvkEdPjGSdCOApqKe5R8tEa7HHSQ5Ri_WRsUFev_NOGxHslCcKIMpLDGHWPqdlWZoxGH4XIn_2yRMZO4DV7ylT85ptOpJUUEym3mmylgehcaClPXpDxzyGeS45MpTC9t9MGbJeIN9tRyL8i8Fl_wmF_yaBGR18GStwEfhVRgrDQvbTfx4KspsS46ctT16PdW2Qyp_SkoCEu2clss_6NFD01ra8c36uA9ybkij5VetqKkFGxn0H3YdWACjCl3zSO9hY.oP0vIKgz0eji6QZz_z6SYRrKn7GK3PrF3xGLTPMddP0MQm1yPTcfoXE4S7J8yH9iLITj0A6GlATMlYMzQ0KnCXfaj2aPkMqePccB3RCorNheh5AjIpSaaS5H7.3jAbk5UyrfoDaT0xtOnG1EvTAyqf4yzg.z8Nyso0K4Q7BOg4dNA8_6C5DbIbRh_eToEx.0Gq_uhe5.aXRc4zjtF2l6AVr1c8oV4nqfaavi7kbJtmcSyqDxAm__Z9Su2murzIfLuCQoFDFNIXhRye7dlbLNshxYDD__6294AGUGBkt4hwW_8Y5rMwLXcJq5inOsxu9sQ5Kl8s1Kq8wDor8.U2IrJ5G1nrHDQmniAoXqOlsdT9hxMeYZSIVV0wjUIHmKfWe8ZFyherROTv7o33_QLThu8sjjUdgW91BG474bCTmALLGt.KpheZgxX3zB9UnuHRfsLxcZ.Ve16CKF8ar6erId_Dtz1aXLtyt0pIYbQqh51AbAWOEXsMXNwO_Wfa4DGKXukVnYCh1J.8FrmDeXB1rjswn5nPlHsgwiJH9v7O_SS7PdwY1QDAdKsZfAc0o135qUvcs1nZlpFt6dMHtpraOtCCoKI.2s2xqf0NtETDLe1HrbI9kKO1XdCBi_NmUC.2wW09t5qDPqdTEhA24Z3A-
      Accept-Encoding:
      - gzip;q=1.0,deflate;q=0.6,identity;q=0.3
      Host:
      - fantasysports.yahooapis.com
  response:
    status:
      code: 200
      message: OK
    headers:
      Date:
      - Fri, 28 Jan 2022 14:38:46 GMT
      P3p:
      - policyref="https://policies.yahoo.com/w3c/p3p.xml", CP="CAO DSP COR CUR ADM
        DEV TAI PSA PSD IVAi IVDi CONi TELo OTPi OUR DELi SAMi OTRi UNRi PUBi IND
        PHY ONL UNI PUR FIN COM NAV INT DEM CNT STA POL HEA PRE LOC GOV"
      X-Yahoo-Request-Id:
      - epge5uhgv7vvm
      X-Yahoo-Host:
      - fantasy-sports-api--public-production-bf1-7bd55d6b46-2ktql
      X-Frame-Options:
      - SAMEORIGIN
      Vary:
      - Origin,Accept-Encoding
      Set-Cookie:
      - SPTB=d=3BGccytTY3C2Wsql_s.vqnaRXHqt6aY2PxY2.s0JTi9tBwf.Oqp09WDMl5.4unuvrVhTKPT49htu6AEzKlk_XuoCTGcK6SW1TR.AE7P8O5s-&v=1;
        expires=Sun, 27-Feb-2022 14:38:46 GMT; Max-Age=2592000; path=/; domain=fantasysports.yahooapis.com
      Cache-Control:
      - private,max-age=0,stale-while-revalidate=0,stale-if-error=0
      Content-Length:
      - '3548'
      Content-Type:
      - application/json; charset=utf-8
      X-Envoy-Upstream-Service-Time:
      - '63'
      Server:
      - ATS
      Age:
      - '1'
      Strict-Transport-Security:
      - max-age=15552000
      Referrer-Policy:
      - strict-origin-when-cross-origin
      Connection:
      - keep-alive
      Expect-Ct:
      - max-age=31536000, report-uri="http://csp.yahoo.com/beacon/csp?src=yahoocom-expect-ct-report-only"
      X-Xss-Protection:
      - 1; mode=block
      X-Content-Type-Options:
      - nosniff
    body:
      encoding: ASCII-8BIT
      bin_key: xuhos-tycyd-hitib-kukuc-supiz-gohif-harup-diryp-minud-cytih-rasis-nihyg-hihuh-fityp-lavun-nunur-vexox
  recorded_at: Fri, 28 Jan 2022 14:38:45 GMT
- request:
    method: get
    uri: https://fantasysports.yahooapis.com/fantasy/v2/players;player_keys=410.p.5650,410.p.6216,410.p.6164,410.p.5651,410.p.5905,410.p.4561,410.p.5892,410.p.4290,410.p.5317,410.p.6403,410.p.3930,410.p.4244,410.p.6025/stats?format=json
    body:
      encoding: US-ASCII
      string: ''
    headers:
      Accept:
      - "*/*"
      User-Agent:
      - rest-client/2.1.0 (linux x86_64) ruby/3.0.2p107
      Content-Type:
      - application/json
      Authorization:
      - Bearer 2hD0znybuBumYRJnOkbhod.TypSE_7g0MQx4.OcCUMiHBxAqqCZHzR_YA24aKGxtUlFmZTGD1u3tOIBDv2giPthrlTB_7W4egac900jwvhe8jBu1dFrOWRFMvMIhih_._PWkGgWwPv0bfmL0qJgvkEdPjGSdCOApqKe5R8tEa7HHSQ5Ri_WRsUFev_NOGxHslCcKIMpLDGHWPqdlWZoxGH4XIn_2yRMZO4DV7ylT85ptOpJUUEym3mmylgehcaClPXpDxzyGeS45MpTC9t9MGbJeIN9tRyL8i8Fl_wmF_yaBGR18GStwEfhVRgrDQvbTfx4KspsS46ctT16PdW2Qyp_SkoCEu2clss_6NFD01ra8c36uA9ybkij5VetqKkFGxn0H3YdWACjCl3zSO9hY.oP0vIKgz0eji6QZz_z6SYRrKn7GK3PrF3xGLTPMddP0MQm1yPTcfoXE4S7J8yH9iLITj0A6GlATMlYMzQ0KnCXfaj2aPkMqePccB3RCorNheh5AjIpSaaS5H7.3jAbk5UyrfoDaT0xtOnG1EvTAyqf4yzg.z8Nyso0K4Q7BOg4dNA8_6C5DbIbRh_eToEx.0Gq_uhe5.aXRc4zjtF2l6AVr1c8oV4nqfaavi7kbJtmcSyqDxAm__Z9Su2murzIfLuCQoFDFNIXhRye7dlbLNshxYDD__6294AGUGBkt4hwW_8Y5rMwLXcJq5inOsxu9sQ5Kl8s1Kq8wDor8.U2IrJ5G1nrHDQmniAoXqOlsdT9hxMeYZSIVV0wjUIHmKfWe8ZFyherROTv7o33_QLThu8sjjUdgW91BG474bCTmALLGt.KpheZgxX3zB9UnuHRfsLxcZ.Ve16CKF8ar6erId_Dtz1aXLtyt0pIYbQqh51AbAWOEXsMXNwO_Wfa4DGKXukVnYCh1J.8FrmDeXB1rjswn5nPlHsgwiJH9v7O_SS7PdwY1QDAdKsZfAc0o135qUvcs1nZlpFt6dMHtpraOtCCoKI.2s2xqf0NtETDLe1HrbI9kKO1XdCBi_NmUC.2wW09t5qDPqdTEhA24Z3A-
      Accept-Encoding:
      - gzip;q=1.0,deflate;q=0.6,identity;q=0.3
      Host:
      - fantasysports.yahooapis.com
  response:
    status:
      code: 200
      message: OK
    headers:
      Date:
      - Fri, 28 Jan 2022 14:38:46 GMT
      P3p:
      - policyref="https://policies.yahoo.com/w3c/p3p.xml", CP="CAO DSP COR CUR ADM
        DEV TAI PSA PSD IVAi IVDi CONi TELo OTPi OUR DELi SAMi OTRi UNRi PUBi IND
        PHY ONL UNI PUR FIN COM NAV INT DEM CNT STA POL HEA PRE LOC GOV"
      X-Yahoo-Request-Id:
      - 6je29stgv7vvn
      X-Yahoo-Host:
      - fantasy-sports-api--public-production-bf1-7bd55d6b46-xv9xn
      X-Frame-Options:
      - SAMEORIGIN
      Vary:
      - Origin,Accept-Encoding
      Set-Cookie:
      - SPTB=d=mhINMppSY3CO.wKTSof8oyLBZOdlo9P4DBM8gMAFz5ahOLBrHIC0Mvs_HBGhOguoE21phtGi5XTs9.GPrn_47h5M14lvYjdkG1klpislhFg-&v=1;
        expires=Sun, 27-Feb-2022 14:38:47 GMT; Max-Age=2592000; path=/; domain=fantasysports.yahooapis.com
      Cache-Control:
      - private,max-age=0,stale-while-revalidate=0,stale-if-error=0
      Content-Length:
      - '6620'
      Content-Type:
      - application/json; charset=utf-8
      X-Envoy-Upstream-Service-Time:
      - '36'
      Server:
      - ATS
      Age:
      - '2'
      Strict-Transport-Security:
      - max-age=15552000
      Referrer-Policy:
      - strict-origin-when-cross-origin
      Connection:
      - keep-alive
      Expect-Ct:
      - max-age=31536000, report-uri="http://csp.yahoo.com/beacon/csp?src=yahoocom-expect-ct-report-only"
      X-Xss-Protection:
      - 1; mode=block
      X-Content-Type-Options:
      - nosniff
    body:
      encoding: ASCII-8BIT
      bin_key: xileh-nofav-sanat-hizop-lufid-tezob-nafoz-todof-zazah-nytos-nykos-naset-tusid-tutoh-pygyr-dihiv-mexix
  recorded_at: Fri, 28 Jan 2022 14:38:46 GMT
- request:
    method: get
    uri: https://fantasysports.yahooapis.com/fantasy/v2/league/410.l.223791/players;player_keys=410.p.5650,410.p.6216,410.p.6164,410.p.5651,410.p.5905,410.p.4561,410.p.5892,410.p.4290,410.p.5317,410.p.6403,410.p.3930,410.p.4244,410.p.6025/stats?format=json
    body:
      encoding: US-ASCII
      string: ''
    headers:
      Accept:
      - "*/*"
      User-Agent:
      - rest-client/2.1.0 (linux x86_64) ruby/3.0.2p107
      Content-Type:
      - application/json
      Authorization:
      - Bearer 2hD0znybuBumYRJnOkbhod.TypSE_7g0MQx4.OcCUMiHBxAqqCZHzR_YA24aKGxtUlFmZTGD1u3tOIBDv2giPthrlTB_7W4egac900jwvhe8jBu1dFrOWRFMvMIhih_._PWkGgWwPv0bfmL0qJgvkEdPjGSdCOApqKe5R8tEa7HHSQ5Ri_WRsUFev_NOGxHslCcKIMpLDGHWPqdlWZoxGH4XIn_2yRMZO4DV7ylT85ptOpJUUEym3mmylgehcaClPXpDxzyGeS45MpTC9t9MGbJeIN9tRyL8i8Fl_wmF_yaBGR18GStwEfhVRgrDQvbTfx4KspsS46ctT16PdW2Qyp_SkoCEu2clss_6NFD01ra8c36uA9ybkij5VetqKkFGxn0H3YdWACjCl3zSO9hY.oP0vIKgz0eji6QZz_z6SYRrKn7GK3PrF3xGLTPMddP0MQm1yPTcfoXE4S7J8yH9iLITj0A6GlATMlYMzQ0KnCXfaj2aPkMqePccB3RCorNheh5AjIpSaaS5H7.3jAbk5UyrfoDaT0xtOnG1EvTAyqf4yzg.z8Nyso0K4Q7BOg4dNA8_6C5DbIbRh_eToEx.0Gq_uhe5.aXRc4zjtF2l6AVr1c8oV4nqfaavi7kbJtmcSyqDxAm__Z9Su2murzIfLuCQoFDFNIXhRye7dlbLNshxYDD__6294AGUGBkt4hwW_8Y5rMwLXcJq5inOsxu9sQ5Kl8s1Kq8wDor8.U2IrJ5G1nrHDQmniAoXqOlsdT9hxMeYZSIVV0wjUIHmKfWe8ZFyherROTv7o33_QLThu8sjjUdgW91BG474bCTmALLGt.KpheZgxX3zB9UnuHRfsLxcZ.Ve16CKF8ar6erId_Dtz1aXLtyt0pIYbQqh51AbAWOEXsMXNwO_Wfa4DGKXukVnYCh1J.8FrmDeXB1rjswn5nPlHsgwiJH9v7O_SS7PdwY1QDAdKsZfAc0o135qUvcs1nZlpFt6dMHtpraOtCCoKI.2s2xqf0NtETDLe1HrbI9kKO1XdCBi_NmUC.2wW09t5qDPqdTEhA24Z3A-
      Accept-Encoding:
      - gzip;q=1.0,deflate;q=0.6,identity;q=0.3
      Host:
      - fantasysports.yahooapis.com
  response:
    status:
      code: 200
      message: OK
    headers:
      Date:
      - Fri, 28 Jan 2022 14:38:47 GMT
      P3p:
      - policyref="https://policies.yahoo.com/w3c/p3p.xml", CP="CAO DSP COR CUR ADM
        DEV TAI PSA PSD IVAi IVDi CONi TELo OTPi OUR DELi SAMi OTRi UNRi PUBi IND
        PHY ONL UNI PUR FIN COM NAV INT DEM CNT STA POL HEA PRE LOC GOV"
      X-Yahoo-Request-Id:
      - 61g4vd5gv7vvn
      X-Yahoo-Host:
      - fantasy-sports-api--public-production-bf1-7bd55d6b46-f4xkw
      X-Frame-Options:
      - SAMEORIGIN
      Vary:
      - Origin,Accept-Encoding
      Set-Cookie:
      - SPTB=d=sWs8kJtdY3Di4TgihUP2hF6pHMTDpLCT3s7lJg75zKt3HDXpyrv6z5hrGFtTNWCWDAdbbAUdvzjNdosUDPsZ7o0V407JJPCA8Og_Z7jek7k-&v=1;
        expires=Sun, 27-Feb-2022 14:38:48 GMT; Max-Age=2592000; path=/; domain=fantasysports.yahooapis.com
      Cache-Control:
      - private,max-age=0,stale-while-revalidate=0,stale-if-error=0
      Content-Length:
      - '6312'
      Content-Type:
      - application/json; charset=utf-8
      X-Envoy-Upstream-Service-Time:
      - '83'
      Server:
      - ATS
      Age:
      - '2'
      Strict-Transport-Security:
      - max-age=15552000
      Referrer-Policy:
      - strict-origin-when-cross-origin
      Connection:
      - keep-alive
      Expect-Ct:
      - max-age=31536000, report-uri="http://csp.yahoo.com/beacon/csp?src=yahoocom-expect-ct-report-only"
      X-Xss-Protection:
      - 1; mode=block
      X-Content-Type-Options:
      - nosniff
    body:
      encoding: ASCII-8BIT
      bin_key: xeneg-nidos-cenyn-dekot-becup-lepiv-nycok-cafus-gytyl-huvag-lemam-lazon-lekad-ravum-gazad-fifek-kyxex
  recorded_at: Fri, 28 Jan 2022 14:38:47 GMT
recorded_with: VCR 6.0.0
